// Jest Snapshot v1, https://goo.gl/fbAQLP

exports[`There is an initial component and error test renders correctly the store for provider 1`] = `
<ContextProvider
  value={
    Object {
      "store": Object {
        "dispatch": [Function],
        "getState": [Function],
        "replaceReducer": [Function],
        "subscribe": [Function],
        Symbol(observable): [Function],
      },
      "storeState": Object {
        "articles": Array [
          Object {
            "id": 1,
            "src": "../../../src/imgs/machinist.JPG",
            "title": "React Redux Tutorial for Beginners",
          },
        ],
      },
    }
  }
/>
`;
